Script started on 2018-06-06 18:47:14-0600
]0;john.ngo@csa1:~/355/A3john.ngo@csa1:~/355/A3$ gdb assign3.exe
GNU gdb (GDB) Fedora 8.0-13.fc26
Copyright (C) 2017 Free Software Foundation, Inc.
License GPLv3+: GNU GPL version 3 or later <http://gnu.org/licenses/gpl.html>
This is free software: you are free to change and redistribute it.
There is NO WARRANTY, to the extent permitted by law.  Type "show copying"
and "show warranty" for details.
This GDB was configured as "aarch64-redhat-linux-gnu".
Type "show configuration" for configuration details.
For bug reporting instructions, please see:
<http://www.gnu.org/software/gdb/bugs/>.
Find the GDB manual and other documentation resources online at:
<http://www.gnu.org/software/gdb/documentation/>.
For help, type "help".
Type "apropos word" to search for commands related to "word"...
Reading symbols from assign3.exe...(no debugging symbols found)...done.
(gdb) break *[K(gdb) break *arrau[KyRangIn[K[K[KdInit
Breakpoint 1 at 0x400628
(gdb) break* sortLoopInitI[C[C*sortLoopInitI[1P *sortLoopInitI[C[C[C[C[C[C[C[C[C[C[C
Breakpoint 2 at 0x400670
(gdb) break *printSorted
Breakpoint 3 at 0x40071c
(gdb) break* [K[K *exit
Breakpoint 4 at 0x400768
(gdb) display/100d $29x29[C[C
1: /d $x29 = <error: No registers.>
(gdb) c
The program is not being run.
(gdb) run
Starting program: /home/ugc/john.ngo/355/A3/assign3.exe 

Breakpoint 1, 0x0000000000400628 in arrayRandInit ()
1: /d $x29 = 281474976706704
(gdb) rm[K[Kundisplay 1
(gdb) x/100f[Kd $x29
0xfffffffff090:	-3712	65535	-1209936276	65535
0xfffffffff0a0:	0	0	-1207977808	65535
0xfffffffff0b0:	0	0	0	0
0xfffffffff0c0:	0	0	0	0
0xfffffffff0d0:	0	0	0	0
0xfffffffff0e0:	0	0	-1207958672	65535
0xfffffffff0f0:	0	0	0	0
0xfffffffff100:	0	0	0	0
0xfffffffff110:	-1207957816	65535	0	1
0xfffffffff120:	-3760	65535	-1209831440	65535
0xfffffffff130:	-3776	65535	4196268	0
0xfffffffff140:	-3712	65535	-1209936372	65535
0xfffffffff150:	4196208	0	0	0
0xfffffffff160:	-3712	65535	0	0
0xfffffffff170:	0	0	0	0
0xfffffffff180:	0	0	4195608	0
0xfffffffff190:	0	0	0	0
0xfffffffff1a0:	4195568	0	0	0
0xfffffffff1b0:	4195568	0	4195856	0
0xfffffffff1c0:	0	1	-3400	65535
0xfffffffff1d0:	4196208	0	0	0
0xfffffffff1e0:	4195568	0	0	0
0xfffffffff1f0:	0	0	0	0
0xfffffffff200:	0	0	0	0
0xfffffffff210:	0	0	0	0
(gdb) These are the numbers before the array gets initialized
Undefined command: "These".  Try "help".
(gdb) These are the numbers before the array gets initialized[C[C[C[C[C[Cx/100d $x29[K[C[C[C[C[C[Cundisplay 1[C[C[C[C[C[Crun[K[2Pcdisplay/100d $x29[C[C[C[C[C[Cc[K
Continuing.
v[0]: 103
v[1]: 198
v[2]: 105
v[3]: 115
v[4]: 81
v[5]: 255
v[6]: 74
v[7]: 236
v[8]: 41
v[9]: 205
v[10]: 186
v[11]: 171
v[12]: 242
v[13]: 251
v[14]: 227
v[15]: 70
v[16]: 124
v[17]: 194
v[18]: 84
v[19]: 248
v[20]: 27
v[21]: 232
v[22]: 231
v[23]: 141
v[24]: 118
v[25]: 90
v[26]: 46
v[27]: 99
v[28]: 51
v[29]: 159
v[30]: 201
v[31]: 154
v[32]: 102
v[33]: 50
v[34]: 13
v[35]: 183
v[36]: 49
v[37]: 88
v[38]: 163
v[39]: 90
v[40]: 37
v[41]: 93
v[42]: 5
v[43]: 23
v[44]: 88
v[45]: 233
v[46]: 94
v[47]: 212
v[48]: 171
v[49]: 178

Breakpoint 2, 0x0000000000400670 in sortLoopInitI ()
(gdb) cThese are the numbers before the array gets initialized[C[C[C[C[C[Cx/100d $x29[K
0xfffffffff090:	-3712	65535	-1209936276	65535
0xfffffffff0a0:	103	198	105	115
0xfffffffff0b0:	81	255	74	236
0xfffffffff0c0:	41	205	186	171
0xfffffffff0d0:	242	251	227	70
0xfffffffff0e0:	124	194	84	248
0xfffffffff0f0:	27	232	231	141
0xfffffffff100:	118	90	46	99
0xfffffffff110:	51	159	201	154
0xfffffffff120:	102	50	13	183
0xfffffffff130:	49	88	163	90
0xfffffffff140:	37	93	5	23
0xfffffffff150:	88	233	94	212
0xfffffffff160:	171	178	50	0
0xfffffffff170:	0	0	0	0
0xfffffffff180:	0	0	4195608	0
0xfffffffff190:	0	0	0	0
0xfffffffff1a0:	4195568	0	0	0
0xfffffffff1b0:	4195568	0	4195856	0
0xfffffffff1c0:	0	1	-3400	65535
0xfffffffff1d0:	4196208	0	0	0
0xfffffffff1e0:	4195568	0	0	0
0xfffffffff1f0:	0	0	0	0
0xfffffffff200:	0	0	0	0
0xfffffffff210:	0	0	0	0
(gdb) These are the numbers after they get initalized. See how they corrispond with the output?
Undefined command: "These".  Try "help".
(gdb) c
Continuing.

Breakpoint 3, 0x000000000040071c in printSorted ()
(gdb) n[KcThese are the numbers after they get initalized. See how they corrispond with the output?[C[C[C[C[C[Cx/100d $x29[K
0xfffffffff090:	-3712	65535	-1209936276	65535
0xfffffffff0a0:	5	13	23	27
0xfffffffff0b0:	37	41	46	49
0xfffffffff0c0:	50	51	70	74
0xfffffffff0d0:	81	84	88	88
0xfffffffff0e0:	90	90	93	94
0xfffffffff0f0:	99	102	103	105
0xfffffffff100:	115	118	124	141
0xfffffffff110:	154	159	163	171
0xfffffffff120:	171	178	183	186
0xfffffffff130:	194	198	201	205
0xfffffffff140:	212	227	231	232
0xfffffffff150:	233	236	242	248
0xfffffffff160:	251	255	49	50
0xfffffffff170:	48	251	0	0
0xfffffffff180:	0	0	4195608	0
0xfffffffff190:	0	0	0	0
0xfffffffff1a0:	4195568	0	0	0
0xfffffffff1b0:	4195568	0	4195856	0
0xfffffffff1c0:	0	1	-3400	65535
0xfffffffff1d0:	4196208	0	0	0
0xfffffffff1e0:	4195568	0	0	0
0xfffffffff1f0:	0	0	0	0
0xfffffffff200:	0	0	0	0
0xfffffffff210:	0	0	0	0
(gdb) See ow these numbers are now sorted, from left to right? Ignor[K[K[K[K[KAnd[K[K[K[K
Undefined command: "See".  Try "help".
(gdb) T[KSee ow these numbers are now sorted, from left to right?
Undefined command: "See".  Try "help".
(gdb) T[KSee ow these numbers are now sorted, from left to right?
Undefined command: "See".  Try "help".
(gdb) The last 4 numbers are the other 4 variables used to make this work.
Undefined command: "The".  Try "help".
(gdb) 0xfffffffff0a0: 5       13      23      27
Undefined command: "0xfffffffff0a0".  Try "help".
(gdb) 0xfffffffff0b0: 37      41      46      49
Undefined command: "0xfffffffff0b0".  Try "help".
(gdb) 0xfffffffff0c0: 50      51      70      74
Undefined command: "0xfffffffff0c0".  Try "help".
(gdb) 0xfffffffff0d0: 81      84      88      88
Undefined command: "0xfffffffff0d0".  Try "help".
(gdb) 0xfffffffff0e0: 90      90      93      94
Undefined command: "0xfffffffff0e0".  Try "help".
(gdb) 0xfffffffff0f0: 99      102     103     105
Undefined command: "0xfffffffff0f0".  Try "help".
(gdb) 0xfffffffff100: 115     118     124     141
Undefined command: "0xfffffffff100".  Try "help".
(gdb) 0xfffffffff110: 154     159     163     171
Undefined command: "0xfffffffff110".  Try "help".
(gdb) 0xfffffffff120: 171     178     183     186
Undefined command: "0xfffffffff120".  Try "help".
(gdb) 0xfffffffff130: 194     198     201     205
Undefined command: "0xfffffffff130".  Try "help".
(gdb) 0xfffffffff140: 212     227     231     232
Undefined command: "0xfffffffff140".  Try "help".
(gdb) 0xfffffffff150: 233     236     242     248
Undefined command: "0xfffffffff150".  Try "help".
(gdb) 0xfffffffff160: 251     255     49      50
Undefined command: "0xfffffffff160".  Try "help".
(gdb) 0xfffffffff170: 48      251 
Undefined command: "0xfffffffff170".  Try "help".
(gdb) That's the block that matters
Undefined command: "That".  Try "help".
(gdb) c
Continuing.

Sorted array:
v[0]: 5
v[1]: 13
v[2]: 23
v[3]: 27
v[4]: 37
v[5]: 41
v[6]: 46
v[7]: 49
v[8]: 50
v[9]: 51
v[10]: 70
v[11]: 74
v[12]: 81
v[13]: 84
v[14]: 88
v[15]: 88
v[16]: 90
v[17]: 90
v[18]: 93
v[19]: 94
v[20]: 99
v[21]: 102
v[22]: 103
v[23]: 105
v[24]: 115
v[25]: 118
v[26]: 124
v[27]: 141
v[28]: 154
v[29]: 159
v[30]: 163
v[31]: 171
v[32]: 171
v[33]: 178
v[34]: 183
v[35]: 186
v[36]: 194
v[37]: 198
v[38]: 201
v[39]: 205
v[40]: 212
v[41]: 227
v[42]: 231
v[43]: 232
v[44]: 233
v[45]: 236
v[46]: 242
v[47]: 248
v[48]: 251
v[49]: 255

Breakpoint 4, __GI_exit (status=11) at exit.c:104
104	{
(gdb) Done
Undefined command: "Done".  Try "help".
(gdb) quit
A debugging session is active.

	Inferior 1 [process 27534] will be killed.

Quit anyway? (y or n) e[Kn
Not confirmed.
(gdb) c
Continuing.
[Inferior 1 (process 27534) exited with code 013]
(gdb) u[Kquit
]0;john.ngo@csa1:~/355/A3john.ngo@csa1:~/355/A3$ exit
exit

Script done on 2018-06-06 19:19:50-0600
